1|01050000C00300000001020000C00200000000000000000000000000000000000000000000000000F03F0000000000000000000000000000F03F000000000000F03F0000000000000040000000000000000001020000C0020000000000000000000840000000000000084000000000000008400000000000000000000000000000104000000000000010400000000000001040000000000000000001020000C00300000000000000000024400000000000002440000000000000144000000000000000000000000000001440000000000000144000000000000018400000000000000000000000000000084000000000000008400000000000001C400000000000000000
