1|1|01050000000200000001020000000200000000000000000000000000000000000000000000000000F03F000000000000F03F0102000000020000000000000000000840000000000000084000000000000010400000000000001040
2|2|01050000000300000001020000000200000000000000000000000000000000000000000000000000F03F000000000000F03F0102000000020000000000000000000840000000000000084000000000000010400000000000001040010200000003000000000000000000244000000000000024400000000000001440000000000000144000000000000008400000000000000840
