POINT(580936.142823 819465.261819)
POINT(506358.893822 607539.2573)
POINT(630565.963577 527840.45893)
POINT(315456.492218 345306.814089)
POINT(471022.700766 736736.493044)
POINT(500018.609208 615679.275076)
POINT(219498.722492 315980.37513)
POINT(319224.669259 318928.062446)
POINT(568650.774422 460462.130344)
POINT(556409.113539 729253.309903)
POINT(513863.46763 702618.742175)
POINT(578737.939007 752848.936015)
POINT(574438.608452 769113.196327)
POINT(542424.351008 668316.880131)
POINT(400265.835331 734407.033596)
POINT(451759.863004 412686.100724)
POINT(569910.583609 459856.20941)
POINT(463382.922609 699974.019885)
POINT(604477.021809 740527.999129)
POINT(507899.651882 708318.275563)
POINT(417174.241779 505305.090948)
POINT(577806.699527 694316.933395)
POINT(576210.383288 714992.288047)
POINT(577656.942501 695830.735896)
POINT(581803.779115 693852.464253)
POINT(483239.070139 239264.868231)
POINT(584627.388419 693322.924134)
POINT(531622.192358 716647.040901)
POINT(581975.365599 694284.048852)
POINT(446160.135881 550892.865026)
POINT(529311.590366 610942.506187)
POINT(581808.726988 695841.703111)
POINT(504782.468511 615893.186212)
POINT(622500.156248 752230.030257)
POINT(349366.222335 363016.921232)
POINT(594903.330738 545923.436928)
POINT(441308.570186 229022.749014)
POINT(605633.269659 771823.45975)
POINT(318054.396825 406677.968765)
POINT(606814.490943 683559.837391)
POINT(427202.245584 526355.921119)
POINT(585605.654583 428734.299959)
POINT(348498.220291 696622.254661)
POINT(447753.888233 552268.218021)
POINT(562081.950511 696159.347585)
POINT(449917.461534 516567.922516)
POINT(509151.607038 594632.163261)
POINT(565466.435276 673573.123642)
POINT(492421.362356 719117.799265)
POINT(613346.499962 691449.747539)
POINT(341505.393226 347633.860111)
POINT(335130.109224 221738.458568)
POINT(520476.8592 607380.893421)
POINT(610931.065288 690104.943361)
POINT(577692.981622 695342.840693)
POINT(623744.425212 697297.799336)
POINT(439667.994099 646984.255696)
POINT(507141.1403 606418.246119)
POINT(575383.92723 737533.321867)
POINT(413215.495254 523736.836314)
POINT(561887.180888 504214.422383)
POINT(583428.220764 759656.92773)
POINT(421018.925049 813910.215413)
POINT(621373.929808 690044.792874)
POINT(470983.159332 620692.73333)
POINT(508947.758357 706720.507141)
