MULTIPOINT(580936.142822989 819465.261818573)
MULTIPOINT(506358.893822162 607539.257299624)
MULTIPOINT(630565.963576575 527840.458930382)
MULTIPOINT(315456.492217951 345306.814088522)
MULTIPOINT(471022.700765905 736736.493043649)
MULTIPOINT(500018.609208153 615679.275075901)
MULTIPOINT(219498.722491731 315980.375130241)
MULTIPOINT(319224.669258993 318928.062445705)
MULTIPOINT(568650.774421983 460462.130343988)
MULTIPOINT(556409.113539159 729253.30990305)
MULTIPOINT(513863.467629622 702618.742174883)
MULTIPOINT(578737.93900689 752848.936014613)
MULTIPOINT(574438.608452132 769113.196326717)
MULTIPOINT(542424.351008234 668316.880130952)
MULTIPOINT(400265.835331173 734407.03359561)
MULTIPOINT(451759.863004144 412686.100723883)
MULTIPOINT(569910.583609289 459856.209410486)
MULTIPOINT(463382.922608931 699974.019885147)
MULTIPOINT(604477.021809125 740527.999129056)
MULTIPOINT(507899.651882106 708318.275562585)
MULTIPOINT(417174.241778919 505305.090947582)
MULTIPOINT(577806.69952663 694316.933395063)
MULTIPOINT(576210.383288164 714992.288047029)
MULTIPOINT(577656.942500652 695830.735895674)
MULTIPOINT(581803.77911474 693852.464252684)
MULTIPOINT(483239.070139275 239264.868230516)
MULTIPOINT(584627.388419181 693322.924133717)
MULTIPOINT(531622.192358354 716647.04090078)
MULTIPOINT(581975.365599073 694284.048851616)
MULTIPOINT(446160.135881017 550892.865025523)
MULTIPOINT(529311.59036645 610942.506187195)
MULTIPOINT(581808.72698778 695841.703111349)
MULTIPOINT(504782.468510898 615893.18621198)
MULTIPOINT(622500.156247537 752230.030256728)
MULTIPOINT(349366.222335089 363016.921231509)
MULTIPOINT(594903.330738372 545923.436927693)
MULTIPOINT(441308.570185706 229022.749014213)
MULTIPOINT(605633.269658534 771823.459750208)
MULTIPOINT(318054.396825439 406677.968765208)
MULTIPOINT(606814.490943 683559.837390652)
MULTIPOINT(427202.24558416 526355.921118875)
MULTIPOINT(585605.654583162 428734.299958661)
MULTIPOINT(348498.220290712 696622.254661199)
MULTIPOINT(447753.888233448 552268.218021069)
MULTIPOINT(562081.950510856 696159.347584696)
MULTIPOINT(449917.461533751 516567.922516446)
MULTIPOINT(509151.60703826 594632.163260898)
MULTIPOINT(565466.43527563 673573.123642044)
MULTIPOINT(492421.362355858 719117.799265052)
MULTIPOINT(613346.499961959 691449.747538779)
MULTIPOINT(341505.39322594 347633.860111487)
MULTIPOINT(335130.109224021 221738.458568427)
MULTIPOINT(520476.859199935 607380.893420555)
MULTIPOINT(610931.065287928 690104.943360865)
MULTIPOINT(577692.981621935 695342.840693476)
MULTIPOINT(623744.425211874 697297.79933633)
MULTIPOINT(439667.99409899 646984.255696235)
MULTIPOINT(507141.140300172 606418.246119218)
MULTIPOINT(575383.927230225 737533.321867288)
MULTIPOINT(413215.495253968 523736.836314417)
MULTIPOINT(561887.180888466 504214.422382654)
MULTIPOINT(583428.220763956 759656.927730192)
MULTIPOINT(421018.925048973 813910.215413168)
MULTIPOINT(621373.929808485 690044.79287378)
MULTIPOINT(470983.159331542 620692.733330001)
MULTIPOINT(508947.758356538 706720.507141173)
