MULTIPOLYGON(((0 0 0 1,0 10 6 7,10 10 4 5,10 0 2 3,0 0 0 1),(5 5 8 9,8 5 14 15,8 8 12 13,5 8 10 11,5 5 8 9)),((-0 -0 -0 -1,-0 -10 -6 -7,-10 -10 -4 -5,-10 -0 -2 -3,-0 -0 -0 -1),(-5 -5 -8 -9,-8 -5 -14 -15,-8 -8 -12 -13,-5 -8 -10 -11,-5 -5 -8 -9)))
