MULTIPOLYGON(((0 0 0,0 10 6,10 10 4,10 0 2,0 0 0),(5 5 8,8 5 14,8 8 12,5 8 10,5 5 8)),((-0 -0 -0,-0 -10 -6,-10 -10 -4,-10 -0 -2,-0 -0 -0),(-5 -5 -8,-8 -5 -14,-8 -8 -12,-5 -8 -10,-5 -5 -8)))
