MULTIPOLYGON(((0 0,0 10,10 10,10 0,0 0),(5 5,8 5,8 8,5 8,5 5)),((-0 -0,-0 -10,-10 -10,-10 -0,-0 -0),(-5 -5,-8 -5,-8 -8,-5 -8,-5 -5)))
