SRID=4326;POINT(-74.1778249234186 41.0826336069609)
SRID=4326;POINT(-74.4488128587278 40.5013374405821)
SRID=4326;POINT(-74.0037635784166 40.281496884161)
SRID=4326;POINT(-75.1286374176545 39.7797389049157)
SRID=4326;POINT(-74.5762901403345 40.8559759516931)
SRID=4326;POINT(-74.471604011296 40.5236906585584)
SRID=4326;POINT(-75.4689168308211 39.6968833405432)
SRID=4326;POINT(-75.1145861845469 39.7073923052699)
SRID=4326;POINT(-74.2264370070619 40.097265631898)
SRID=4326;POINT(-74.2676692563074 40.8352261535181)
SRID=4326;POINT(-74.4215203668643 40.7623218114581)
SRID=4326;POINT(-74.1866659762661 40.8998034100642)
SRID=4326;POINT(-74.2020187391775 40.9444882709968)
SRID=4326;POINT(-74.3186666343781 40.6680465043858)
SRID=4326;POINT(-74.8320596317961 40.8491289846152)
SRID=4326;POINT(-74.6440210088993 39.9663370779503)
SRID=4326;POINT(-74.2219402834656 40.0955914789703)
SRID=4326;POINT(-74.6037525547765 40.7550420759648)
SRID=4326;POINT(-74.0937601839477 40.8656933573938)
SRID=4326;POINT(-74.4430374038435 40.7779796708957)
SRID=4326;POINT(-74.7684170268848 40.2203845505135)
SRID=4326;POINT(-74.1907818170692 40.7391457350042)
SRID=4326;POINT(-74.1962844392096 40.7959141570767)
SRID=4326;POINT(-74.1913030602153 40.7433025340704)
SRID=4326;POINT(-74.1763630799173 40.7378312335961)
SRID=4326;POINT(-74.5314873084093 39.4902945583028)
SRID=4326;POINT(-74.1661805363699 40.7363486398646)
SRID=4326;POINT(-74.3573260684911 40.8007679302858)
SRID=4326;POINT(-74.175738107613 40.739014184128)
SRID=4326;POINT(-74.6649158055448 40.3457273489028)
SRID=4326;POINT(-74.3662532330176 40.5106137365591)
SRID=4326;POINT(-74.1763187562305 40.7432915904039)
SRID=4326;POINT(-74.4544664009795 40.5242723881507)
SRID=4326;POINT(-74.0283665597192 40.8975658415568)
SRID=4326;POINT(-75.0083397511195 39.828950258798)
SRID=4326;POINT(-74.131322206131 40.3316152829939)
SRID=4326;POINT(-74.6799952206869 39.4620385866371)
SRID=4326;POINT(-74.089048064364 40.9515804026451)
SRID=4326;POINT(-75.1209106831206 39.948269173363)
SRID=4326;POINT(-74.0862802471739 40.7092900894139)
SRID=4326;POINT(-74.7327024195039 40.2782515920201)
SRID=4326;POINT(-74.166253025519 40.0100043068591)
SRID=4326;POINT(-75.0183798167945 40.7447239779171)
SRID=4326;POINT(-74.6592065330517 40.3495109704881)
SRID=4326;POINT(-74.2475114317585 40.7443412217661)
SRID=4326;POINT(-74.6512248373311 40.2515163382374)
SRID=4326;POINT(-74.4388020498734 40.4659008042765)
SRID=4326;POINT(-74.2355416979212 40.6823146575315)
SRID=4326;POINT(-74.4989293530261 40.8076383297078)
SRID=4326;POINT(-74.0625761975525 40.730860622102)
SRID=4326;POINT(-75.0360016411836 39.7865925067785)
SRID=4326;POINT(-75.0559164322449 39.4408494224676)
SRID=4326;POINT(-74.3980433283988 40.5008690729166)
SRID=4326;POINT(-74.0713156694971 40.7272019085633)
SRID=4326;POINT(-74.1911791861303 40.74196292555)
SRID=4326;POINT(-74.0249426200977 40.7467647928254)
SRID=4326;POINT(-74.6889466759021 40.6094748964853)
SRID=4326;POINT(-74.4460022558052 40.4982588384806)
SRID=4326;POINT(-74.1989899066972 40.8577957099564)
SRID=4326;POINT(-74.7828046028598 40.2709499874636)
SRID=4326;POINT(-74.2501753633496 40.2174320022036)
SRID=4326;POINT(-74.1696055057822 40.9184432569361)
SRID=4326;POINT(-74.7578885232985 41.0675476294562)
SRID=4326;POINT(-74.0336372902925 40.7268907140288)
SRID=4326;POINT(-74.5760699023125 40.537431636642)
SRID=4326;POINT(-74.4392566663643 40.7735918687515)
