SRID=4326;POINT(-74.1778249234186 41.0826336069621)
SRID=4326;POINT(-74.4488128587284 40.5013374405831)
SRID=4326;POINT(-74.0037635784151 40.2814968841599)
SRID=4326;POINT(-75.1286374176544 39.779738904917)
SRID=4326;POINT(-74.5762901403342 40.8559759516941)
SRID=4326;POINT(-74.4716040112965 40.5236906585587)
SRID=4326;POINT(-75.4689168308202 39.6968833405426)
SRID=4326;POINT(-75.1145861845468 39.7073923052707)
SRID=4326;POINT(-74.2264370070618 40.097265631898)
SRID=4326;POINT(-74.267669256308 40.835226153518)
SRID=4326;POINT(-74.4215203668629 40.7623218114584)
SRID=4326;POINT(-74.1866659762657 40.8998034100653)
SRID=4326;POINT(-74.2020187391779 40.9444882709976)
SRID=4326;POINT(-74.318666634379 40.668046504386)
SRID=4326;POINT(-74.8320596317968 40.8491289846163)
SRID=4326;POINT(-74.6440210088998 39.9663370779506)
SRID=4326;POINT(-74.2219402834666 40.0955914789689)
SRID=4326;POINT(-74.6037525547762 40.7550420759644)
SRID=4326;POINT(-74.0937601839482 40.8656933573937)
SRID=4326;POINT(-74.4430374038438 40.7779796708969)
SRID=4326;POINT(-74.7684170268845 40.2203845505147)
SRID=4326;POINT(-74.1907818170678 40.739145735004)
SRID=4326;POINT(-74.1962844392102 40.7959141570767)
SRID=4326;POINT(-74.1913030602141 40.7433025340713)
SRID=4326;POINT(-74.1763630799163 40.737831233597)
SRID=4326;POINT(-74.5314873084103 39.4902945583041)
SRID=4326;POINT(-74.1661805363706 40.7363486398654)
SRID=4326;POINT(-74.3573260684924 40.8007679302865)
SRID=4326;POINT(-74.1757381076133 40.7390141841291)
SRID=4326;POINT(-74.6649158055449 40.3457273489041)
SRID=4326;POINT(-74.3662532330192 40.5106137365586)
SRID=4326;POINT(-74.1763187562297 40.7432915904029)
SRID=4326;POINT(-74.4544664009791 40.5242723881508)
SRID=4326;POINT(-74.0283665597175 40.8975658415575)
SRID=4326;POINT(-75.0083397511198 39.8289502587993)
SRID=4326;POINT(-74.1313222061323 40.3316152829947)
SRID=4326;POINT(-74.6799952206859 39.4620385866365)
SRID=4326;POINT(-74.0890480643623 40.9515804026446)
SRID=4326;POINT(-75.1209106831221 39.9482691733624)
SRID=4326;POINT(-74.0862802471739 40.7092900894149)
SRID=4326;POINT(-74.7327024195045 40.2782515920205)
SRID=4326;POINT(-74.1662530255196 40.01000430686)
SRID=4326;POINT(-75.0183798167935 40.7447239779165)
SRID=4326;POINT(-74.6592065330533 40.3495109704879)
SRID=4326;POINT(-74.2475114317579 40.744341221767)
SRID=4326;POINT(-74.6512248373302 40.2515163382362)
SRID=4326;POINT(-74.4388020498744 40.4659008042768)
SRID=4326;POINT(-74.2355416979199 40.6823146575314)
SRID=4326;POINT(-74.4989293530256 40.8076383297076)
SRID=4326;POINT(-74.0625761975523 40.7308606221026)
SRID=4326;POINT(-75.0360016411834 39.7865925067772)
SRID=4326;POINT(-75.0559164322449 39.4408494224665)
SRID=4326;POINT(-74.3980433283985 40.5008690729179)
SRID=4326;POINT(-74.0713156694968 40.7272019085637)
SRID=4326;POINT(-74.1911791861301 40.7419629255487)
SRID=4326;POINT(-74.0249426200973 40.7467647928245)
SRID=4326;POINT(-74.688946675902 40.6094748964846)
SRID=4326;POINT(-74.4460022558058 40.49825883848)
SRID=4326;POINT(-74.198989906698 40.8577957099556)
SRID=4326;POINT(-74.7828046028596 40.2709499874624)
SRID=4326;POINT(-74.2501753633512 40.2174320022045)
SRID=4326;POINT(-74.169605505782 40.9184432569356)
SRID=4326;POINT(-74.7578885232984 41.0675476294558)
SRID=4326;POINT(-74.0336372902943 40.7268907140294)
SRID=4326;POINT(-74.5760699023108 40.537431636642)
SRID=4326;POINT(-74.4392566663626 40.7735918687511)
